// Vitest Snapshot v1, https://vitest.dev/guide/snapshot.html

exports[`LanguageSelect > should match snapshot 1`] = `
"<div data-v-2a5103fe="" class="relative w-40"><select data-v-2a5103fe="" class="w-full px-4 py-2">
    <option data-v-2a5103fe="" value="en">English</option>
    <option data-v-2a5103fe="" value="fr">Fran√ßais</option>
  </select>
  <div data-v-2a5103fe="" class="pointer-events-none absolute inset-y-0 right-0 flex items-center pr-2"><svg data-v-2a5103fe="" class="h-5 w-5 text-gray-400" fill="none" stroke="currentColor" viewBox="0 0 24 24" xmlns="http://www.w3.org/2000/svg">
      <path data-v-2a5103fe="" stroke-linecap="round" stroke-linejoin="round" stroke-width="2" d="M19 9l-7 7-7-7"></path>
    </svg></div>
</div>"
`;
