// Vitest Snapshot v1, https://vitest.dev/guide/snapshot.html

exports[`PersonalRecordInput > should match snapshot 1`] = `
"<div class="ml-3 mt-3 max-w-sm space-y-4 rounded-xl bg-gray-200 p-6 shadow-md">
  <h2 class="text-xl font-semibold text-gray-700">bestTimeInput</h2><input>
</div>"
`;
